Title:           
Subject:         
Keywords:        
Author:          
Creator:         LaTeX with hyperref
Producer:        pdfTeX-1.40.29
CreationDate:    Sat Aug 29 05:00:00 2026 UTC
ModDate:         Sat Aug 29 05:00:00 2026 UTC
Custom Metadata: yes
Metadata Stream: no
Tagged:          no
UserProperties:  no
Suspects:        no
Form:            none
JavaScript:      no
Pages:           7
Encrypted:       no
Page size:       595.276 x 841.89 pts (A4)
Page rot:        0
File size:       333729 bytes
Optimized:       no
PDF version:     1.7
