Rc files read (in order):
  NONE
Latexmk: This is Latexmk, John Collins, 9 March 2026. Version 4.88.
Latexmk: Doing full clean up for 'frontiers-manuscript.tex'
No existing .aux file, so I'll make a simple one, and require run of *latex.
Force everything to be remade.
Latexmk: applying rule 'pdflatex'...
Rule 'pdflatex':  Reasons for rerun
Category 'other':
  Rerun of 'pdflatex' forced or previously required:
    Reason or flag: 'go_mode'

------------
Run number 1 of rule 'pdflatex'
------------
------------
Running 'pdflatex -no-shell-escape  -interaction=nonstopmode -halt-on-error -file-line-error -recorder  "frontiers-manuscript.tex"'
------------
This is pdfTeX, Version 3.141592653-2.6-1.40.29 (TeX Live 2026) (preloaded format=pdflatex)
entering extended mode
(./frontiers-manuscript.tex
LaTeX2e <2026-06-01>
L3 programming layer <2026-06-18>
(official-template/FrontiersinHarvard.cls
Document Class: FrontiersinHarvard 2016/11/10 2.6
(/Users/rainbow/.local/texlive/2026/texmf-dist/tex/latex/base/inputenc.sty)
(/Users/rainbow/.local/texlive/2026/texmf-dist/tex/latex/crop/crop.sty
(/Users/rainbow/.local/texlive/2026/texmf-dist/tex/generic/iftex/ifluatex.sty
(/Users/rainbow/.local/texlive/2026/texmf-dist/tex/generic/iftex/iftex.sty))
(/Users/rainbow/.local/texlive/2026/texmf-dist/tex/latex/graphics/color.sty
(/Users/rainbow/.local/texlive/2026/texmf-dist/tex/latex/graphics-cfg/color.cfg
)
(/Users/rainbow/.local/texlive/2026/texmf-dist/tex/latex/graphics-def/pdftex.de
f)
(/Users/rainbow/.local/texlive/2026/texmf-dist/tex/latex/graphics/mathcolor.ltx
))
(/Users/rainbow/.local/texlive/2026/texmf-dist/tex/latex/graphics/graphics.sty
(/Users/rainbow/.local/texlive/2026/texmf-dist/tex/latex/graphics/trig.sty)
(/Users/rainbow/.local/texlive/2026/texmf-dist/tex/latex/graphics-cfg/graphics.
cfg))
(/Users/rainbow/.local/texlive/2026/texmf-dist/tex/xelatex/xetexconfig/crop.cfg
))
==> First Aid for crop.sty applied!
(/Users/rainbow/.local/texlive/2026/texmf-dist/tex/latex/graphics/graphicx.sty
(/Users/rainbow/.local/texlive/2026/texmf-dist/tex/latex/graphics/keyval.sty))
(/Users/rainbow/.local/texlive/2026/texmf-dist/tex/latex/amsmath/amsmath.sty
For additional information on amsmath, use the `?' option.
(/Users/rainbow/.local/texlive/2026/texmf-dist/tex/latex/amsmath/amstext.sty
(/Users/rainbow/.local/texlive/2026/texmf-dist/tex/latex/amsmath/amsgen.sty))
(/Users/rainbow/.local/texlive/2026/texmf-dist/tex/latex/amsmath/amsbsy.sty)
(/Users/rainbow/.local/texlive/2026/texmf-dist/tex/latex/amsmath/amsopn.sty))
(/Users/rainbow/.local/texlive/2026/texmf-dist/tex/latex/tools/array.sty)
(/Users/rainbow/.local/texlive/2026/texmf-dist/tex/latex/amsfonts/amssymb.sty
(/Users/rainbow/.local/texlive/2026/texmf-dist/tex/latex/amsfonts/amsfonts.sty)
) (vendor-tex-deps/flushend.sty) (vendor-tex-deps/stfloats.sty)
(/Users/rainbow/.local/texlive/2026/texmf-dist/tex/latex/amscls/amsthm.sty)
(vendor-tex-deps/chngpage.sty)
(/Users/rainbow/.local/texlive/2026/texmf-dist/tex/latex/psnfss/times.sty)
(/Users/rainbow/.local/texlive/2026/texmf-dist/tex/latex/datetime/datetime.sty
(/Users/rainbow/.local/texlive/2026/texmf-dist/tex/latex/etoolbox/etoolbox.sty)
 (/Users/rainbow/.local/texlive/2026/texmf-dist/tex/latex/fmtcount/fmtcount.sty
(/Users/rainbow/.local/texlive/2026/texmf-dist/tex/latex/base/ifthen.sty)
(/Users/rainbow/.local/texlive/2026/texmf-dist/tex/latex/xkeyval/xkeyval.sty
(/Users/rainbow/.local/texlive/2026/texmf-dist/tex/generic/xkeyval/xkeyval.tex
(/Users/rainbow/.local/texlive/2026/texmf-dist/tex/generic/xkeyval/xkvutils.tex
)))
(/Users/rainbow/.local/texlive/2026/texmf-dist/tex/latex/fmtcount/fcprefix.sty
(/Users/rainbow/.local/texlive/2026/texmf-dist/tex/latex/fmtcount/fcnumparser.s
ty)))
(/Users/rainbow/.local/texlive/2026/texmf-dist/tex/latex/datetime/datetime-defa
ults.sty))
(/Users/rainbow/.local/texlive/2026/texmf-dist/tex/latex/epstopdf-pkg/epstopdf.
sty
(/Users/rainbow/.local/texlive/2026/texmf-dist/tex/generic/infwarerr/infwarerr.
sty) (/Users/rainbow/.local/texlive/2026/texmf-dist/tex/latex/grfext/grfext.sty

(/Users/rainbow/.local/texlive/2026/texmf-dist/tex/generic/kvdefinekeys/kvdefin
ekeys.sty))
(/Users/rainbow/.local/texlive/2026/texmf-dist/tex/latex/kvoptions/kvoptions.st
y
(/Users/rainbow/.local/texlive/2026/texmf-dist/tex/generic/ltxcmds/ltxcmds.sty)

(/Users/rainbow/.local/texlive/2026/texmf-dist/tex/latex/kvsetkeys/kvsetkeys.st
y))
(/Users/rainbow/.local/texlive/2026/texmf-dist/tex/generic/pdftexcmds/pdftexcmd
s.sty)
(/Users/rainbow/.local/texlive/2026/texmf-dist/tex/latex/epstopdf-pkg/epstopdf-
base.sty

Package epstopdf Warning: Shell escape feature is not enabled.


(/Users/rainbow/.local/texlive/2026/texmf-dist/tex/latex/latexconfig/epstopdf-s
ys.cfg)))
(/Users/rainbow/.local/texlive/2026/texmf-dist/tex/latex/parskip/parskip.sty
(/Users/rainbow/.local/texlive/2026/texmf-dist/tex/latex/parskip/parskip-2001-0
4-09.sty))
(/Users/rainbow/.local/texlive/2026/texmf-dist/tex/latex/xcolor/xcolor.sty
(/Users/rainbow/.local/texlive/2026/texmf-dist/tex/latex/graphics-cfg/color.cfg
)

Package xcolor Warning: Package option `usenames' is obsolete and ignored on in
put line 265.


(/Users/rainbow/.local/texlive/2026/texmf-dist/tex/latex/graphics/mathcolor.ltx
))
(/Users/rainbow/.local/texlive/2026/texmf-dist/tex/latex/graphics/dvipsnam.def)
 (/Users/rainbow/.local/texlive/2026/texmf-dist/tex/latex/caption/caption.sty
(/Users/rainbow/.local/texlive/2026/texmf-dist/tex/latex/caption/caption3.sty))

(/Users/rainbow/.local/texlive/2026/texmf-dist/tex/latex/caption/subcaption.sty
) (/Users/rainbow/.local/texlive/2026/texmf-dist/tex/latex/natbib/natbib.sty))
(/Users/rainbow/.local/texlive/2026/texmf-dist/tex/latex/url/url.sty)
(/Users/rainbow/.local/texlive/2026/texmf-dist/tex/latex/hyperref/hyperref.sty
(/Users/rainbow/.local/texlive/2026/texmf-dist/tex/generic/pdfescape/pdfescape.
sty)
(/Users/rainbow/.local/texlive/2026/texmf-dist/tex/latex/hycolor/hycolor.sty)
(/Users/rainbow/.local/texlive/2026/texmf-dist/tex/latex/hyperref/nameref.sty
(/Users/rainbow/.local/texlive/2026/texmf-dist/tex/latex/refcount/refcount.sty)

(/Users/rainbow/.local/texlive/2026/texmf-dist/tex/generic/gettitlestring/getti
tlestring.sty))
(/Users/rainbow/.local/texlive/2026/texmf-dist/tex/generic/stringenc/stringenc.
sty)
(/Users/rainbow/.local/texlive/2026/texmf-dist/tex/latex/hyperref/pd1enc.def)
(/Users/rainbow/.local/texlive/2026/texmf-dist/tex/generic/intcalc/intcalc.sty)
(/Users/rainbow/.local/texlive/2026/texmf-dist/tex/latex/hyperref/puenc.def)
(/Users/rainbow/.local/texlive/2026/texmf-dist/tex/generic/bitset/bitset.sty
(/Users/rainbow/.local/texlive/2026/texmf-dist/tex/generic/bigintcalc/bigintcal
c.sty)))
(/Users/rainbow/.local/texlive/2026/texmf-dist/tex/latex/hyperref/hpdftex.def
(/Users/rainbow/.local/texlive/2026/texmf-dist/tex/latex/rerunfilecheck/rerunfi
lecheck.sty
(/Users/rainbow/.local/texlive/2026/texmf-dist/tex/generic/uniquecounter/unique
counter.sty)))
(/Users/rainbow/.local/texlive/2026/texmf-dist/tex/latex/lineno/lineno.sty)
(/Users/rainbow/.local/texlive/2026/texmf-dist/tex/latex/microtype/microtype.st
y
(/Users/rainbow/.local/texlive/2026/texmf-dist/tex/latex/microtype/microtype-pd
ftex.def)
(/Users/rainbow/.local/texlive/2026/texmf-dist/tex/latex/microtype/microtype.cf
g))
(/Users/rainbow/.local/texlive/2026/texmf-dist/tex/latex/booktabs/booktabs.sty)
 (/Users/rainbow/.local/texlive/2026/texmf-dist/tex/latex/tools/tabularx.sty)
(/Users/rainbow/.local/texlive/2026/texmf-dist/tex/latex/setspace/setspace.sty)
(/Users/rainbow/.local/texlive/2026/texmf-dist/tex/latex/psnfss/ot1ptm.fd)
(/Users/rainbow/.local/texlive/2026/texmf-dist/tex/latex/l3backend/l3backend-pd
ftex.def) (./frontiers-manuscript.aux)
(/Users/rainbow/.local/texlive/2026/texmf-dist/tex/context/base/mkii/supp-pdf.m
kii
[Loading MPS to PDF converter (version 2006.09.02).]
)
(/Users/rainbow/.local/texlive/2026/texmf-dist/tex/latex/fmtcount/fc-english.de
f)

Package microtype Warning: Unable to apply patch `footnote' on input line 23.

(/Users/rainbow/.local/texlive/2026/texmf-dist/tex/latex/microtype/mt-ptm.cfg)
(/Users/rainbow/.local/texlive/2026/texmf-dist/tex/latex/psnfss/ot1phv.fd)
Underfull \hbox (badness 10000) detected at line 33
[]

Overfull \hbox (8.53581pt too wide) in paragraph at lines 33--33
[][] 

Underfull \hbox (badness 10000) detected at line 33
[]
(/Users/rainbow/.local/texlive/2026/texmf-dist/tex/latex/microtype/mt-cmr.cfg)
(/Users/rainbow/.local/texlive/2026/texmf-dist/tex/latex/amsfonts/umsa.fd)
(/Users/rainbow/.local/texlive/2026/texmf-dist/tex/latex/microtype/mt-msa.cfg)
(/Users/rainbow/.local/texlive/2026/texmf-dist/tex/latex/amsfonts/umsb.fd)
(/Users/rainbow/.local/texlive/2026/texmf-dist/tex/latex/microtype/mt-msb.cfg)

Package natbib Warning: Citation `conway2024opml' on page 1 undefined on input 
line 49.


Package natbib Warning: Citation `alves2026eigenai' on page 1 undefined on inpu
t line 49.


Package natbib Warning: Citation `basu2026toolreceipts' on page 1 undefined on 
input line 49.


Package natbib Warning: Citation `sokolov2026freshness' on page 1 undefined on 
input line 49.


Package natbib Warning: Citation `calboreanu2026lattice' on page 1 undefined on
 input line 49.

[1{/Users/rainbow/.local/texlive/2026/texmf-var/fonts/map/pdftex/updmap/pdftex.
map}{/Users/rainbow/.local/texlive/2026/texmf-dist/fonts/enc/dvips/base/8r.enc}
 <./logo1-eps-converted-to.pdf>]
(/Users/rainbow/.local/texlive/2026/texmf-dist/tex/latex/psnfss/ot1pcr.fd)

LaTeX Warning: Reference `fig:architecture' on page 2 undefined on input line 5
9.


LaTeX Warning: Reference `fig:workflow' on page 2 undefined on input line 77.


Overfull \vbox (2.0245pt too high) has occurred while \output is active
[2]

LaTeX Warning: Reference `tab:results' on page 3 undefined on input line 93.


LaTeX Warning: Reference `fig:reasons' on page 3 undefined on input line 95.


Package natbib Warning: Citation `richard2026agentic' on page 3 undefined on in
put line 105.


Overfull \vbox (2.0245pt too high) has occurred while \output is active
[3]
Overfull \vbox (2.0245pt too high) has occurred while \output is active
[4]
No file frontiers-manuscript.bbl.

Overfull \vbox (2.0245pt too high) has occurred while \output is active
[5]
Overfull \vbox (2.0245pt too high) has occurred while \output is active
[6]

LaTeX Warning: `!h' float specifier changed to `!ht'.


LaTeX Warning: `!h' float specifier changed to `!ht'.


Overfull \vbox (2.0245pt too high) has occurred while \output is active
[7 <./figures/figure1-architecture.pdf>]
Underfull \vbox (badness 10000) has occurred while \output is active
Overfull \vbox (2.0245pt too high) has occurred while \output is active
[8 <./figures/figure2-workflow.pdf>]
Underfull \vbox (badness 10000) has occurred while \output is active
Overfull \vbox (2.0245pt too high) has occurred while \output is active
[9 <./figures/figure3-reason-distribution.pdf>]

Package natbib Warning: There were undefined citations.

(./frontiers-manuscript.aux)

LaTeX Warning: There were undefined references.


LaTeX Warning: Label(s) may have changed. Rerun to get cross-references right.


Package rerunfilecheck Warning: File `frontiers-manuscript.out' has changed.
(rerunfilecheck)                Rerun to get outlines right
(rerunfilecheck)                or use package `bookmark'.

 )
(see the transcript file for additional information)</Users/rainbow/.local/texl
ive/2026/texmf-dist/fonts/type1/public/amsfonts/cm/cmmi12.pfb></Users/rainbow/.
local/texlive/2026/texmf-dist/fonts/type1/public/amsfonts/cm/cmr12.pfb></Users/
rainbow/.local/texlive/2026/texmf-dist/fonts/type1/public/amsfonts/cm/cmr5.pfb>
</Users/rainbow/.local/texlive/2026/texmf-dist/fonts/type1/public/amsfonts/cm/c
mr7.pfb></Users/rainbow/.local/texlive/2026/texmf-dist/fonts/type1/public/amsfo
nts/cm/cmr9.pfb><vendor-tex-fonts/fonts/type1/urw/courier/ucrr8a.pfb><vendor-te
x-fonts/fonts/type1/urw/helvetic/uhvb8a.pfb><vendor-tex-fonts/fonts/type1/urw/h
elvetic/uhvbo8a.pfb><vendor-tex-fonts/fonts/type1/urw/helvetic/uhvr8a.pfb><vend
or-tex-fonts/fonts/type1/urw/helvetic/uhvro8a.pfb></Users/rainbow/.local/texliv
e/2026/texmf-dist/fonts/type1/urw/times/utmb8a.pfb></Users/rainbow/.local/texli
ve/2026/texmf-dist/fonts/type1/urw/times/utmr8a.pfb>
Output written on frontiers-manuscript.pdf (9 pages, 194866 bytes).
Transcript written on frontiers-manuscript.log.
Latexmk: Getting log file 'frontiers-manuscript.log'
Latexmk: Examining 'frontiers-manuscript.fls'
Latexmk: Examining 'frontiers-manuscript.log'
Latexmk: Missing bbl file 'frontiers-manuscript.bbl' in following:
 No file frontiers-manuscript.bbl.
Latexmk: References changed.
Latexmk: References changed.
Latexmk: Log file says output to 'frontiers-manuscript.pdf'
Latexmk: Using bibtex to make bibliography file(s).
  ===Source file 'frontiers-manuscript.bbl' for 'pdflatex'
Create bibtex frontiers-manuscript
Latexmk: Found bibliography file(s):
  ./references.bib
Latexmk: applying rule 'bibtex frontiers-manuscript'...
Rule 'bibtex frontiers-manuscript':  Reasons for rerun
Category 'other':
  Rerun of 'bibtex frontiers-manuscript' forced or previously required:
    Reason or flag: 'Initial set up of rule'

------------
Run number 1 of rule 'bibtex frontiers-manuscript'
------------
------------
Running 'bibtex  "frontiers-manuscript.aux"'
------------
This is BibTeX, Version 0.99e (TeX Live 2026)
The top-level auxiliary file: frontiers-manuscript.aux
The style file: Frontiers-Harvard.bst
Database file #1: references.bib
Latexmk: applying rule 'pdflatex'...
Rule 'pdflatex':  Reasons for rerun
Changed files or newly in use/created:
  frontiers-manuscript.aux
  frontiers-manuscript.bbl
  frontiers-manuscript.out

------------
Run number 2 of rule 'pdflatex'
------------
------------
Running 'pdflatex -no-shell-escape  -interaction=nonstopmode -halt-on-error -file-line-error -recorder  "frontiers-manuscript.tex"'
------------
This is pdfTeX, Version 3.141592653-2.6-1.40.29 (TeX Live 2026) (preloaded format=pdflatex)
entering extended mode
(./frontiers-manuscript.tex
LaTeX2e <2026-06-01>
L3 programming layer <2026-06-18>
(official-template/FrontiersinHarvard.cls
Document Class: FrontiersinHarvard 2016/11/10 2.6
(/Users/rainbow/.local/texlive/2026/texmf-dist/tex/latex/base/inputenc.sty)
(/Users/rainbow/.local/texlive/2026/texmf-dist/tex/latex/crop/crop.sty
(/Users/rainbow/.local/texlive/2026/texmf-dist/tex/generic/iftex/ifluatex.sty
(/Users/rainbow/.local/texlive/2026/texmf-dist/tex/generic/iftex/iftex.sty))
(/Users/rainbow/.local/texlive/2026/texmf-dist/tex/latex/graphics/color.sty
(/Users/rainbow/.local/texlive/2026/texmf-dist/tex/latex/graphics-cfg/color.cfg
)
(/Users/rainbow/.local/texlive/2026/texmf-dist/tex/latex/graphics-def/pdftex.de
f)
(/Users/rainbow/.local/texlive/2026/texmf-dist/tex/latex/graphics/mathcolor.ltx
))
(/Users/rainbow/.local/texlive/2026/texmf-dist/tex/latex/graphics/graphics.sty
(/Users/rainbow/.local/texlive/2026/texmf-dist/tex/latex/graphics/trig.sty)
(/Users/rainbow/.local/texlive/2026/texmf-dist/tex/latex/graphics-cfg/graphics.
cfg))
(/Users/rainbow/.local/texlive/2026/texmf-dist/tex/xelatex/xetexconfig/crop.cfg
))
==> First Aid for crop.sty applied!
(/Users/rainbow/.local/texlive/2026/texmf-dist/tex/latex/graphics/graphicx.sty
(/Users/rainbow/.local/texlive/2026/texmf-dist/tex/latex/graphics/keyval.sty))
(/Users/rainbow/.local/texlive/2026/texmf-dist/tex/latex/amsmath/amsmath.sty
For additional information on amsmath, use the `?' option.
(/Users/rainbow/.local/texlive/2026/texmf-dist/tex/latex/amsmath/amstext.sty
(/Users/rainbow/.local/texlive/2026/texmf-dist/tex/latex/amsmath/amsgen.sty))
(/Users/rainbow/.local/texlive/2026/texmf-dist/tex/latex/amsmath/amsbsy.sty)
(/Users/rainbow/.local/texlive/2026/texmf-dist/tex/latex/amsmath/amsopn.sty))
(/Users/rainbow/.local/texlive/2026/texmf-dist/tex/latex/tools/array.sty)
(/Users/rainbow/.local/texlive/2026/texmf-dist/tex/latex/amsfonts/amssymb.sty
(/Users/rainbow/.local/texlive/2026/texmf-dist/tex/latex/amsfonts/amsfonts.sty)
) (vendor-tex-deps/flushend.sty) (vendor-tex-deps/stfloats.sty)
(/Users/rainbow/.local/texlive/2026/texmf-dist/tex/latex/amscls/amsthm.sty)
(vendor-tex-deps/chngpage.sty)
(/Users/rainbow/.local/texlive/2026/texmf-dist/tex/latex/psnfss/times.sty)
(/Users/rainbow/.local/texlive/2026/texmf-dist/tex/latex/datetime/datetime.sty
(/Users/rainbow/.local/texlive/2026/texmf-dist/tex/latex/etoolbox/etoolbox.sty)
 (/Users/rainbow/.local/texlive/2026/texmf-dist/tex/latex/fmtcount/fmtcount.sty
(/Users/rainbow/.local/texlive/2026/texmf-dist/tex/latex/base/ifthen.sty)
(/Users/rainbow/.local/texlive/2026/texmf-dist/tex/latex/xkeyval/xkeyval.sty
(/Users/rainbow/.local/texlive/2026/texmf-dist/tex/generic/xkeyval/xkeyval.tex
(/Users/rainbow/.local/texlive/2026/texmf-dist/tex/generic/xkeyval/xkvutils.tex
)))
(/Users/rainbow/.local/texlive/2026/texmf-dist/tex/latex/fmtcount/fcprefix.sty
(/Users/rainbow/.local/texlive/2026/texmf-dist/tex/latex/fmtcount/fcnumparser.s
ty)))
(/Users/rainbow/.local/texlive/2026/texmf-dist/tex/latex/datetime/datetime-defa
ults.sty))
(/Users/rainbow/.local/texlive/2026/texmf-dist/tex/latex/epstopdf-pkg/epstopdf.
sty
(/Users/rainbow/.local/texlive/2026/texmf-dist/tex/generic/infwarerr/infwarerr.
sty) (/Users/rainbow/.local/texlive/2026/texmf-dist/tex/latex/grfext/grfext.sty

(/Users/rainbow/.local/texlive/2026/texmf-dist/tex/generic/kvdefinekeys/kvdefin
ekeys.sty))
(/Users/rainbow/.local/texlive/2026/texmf-dist/tex/latex/kvoptions/kvoptions.st
y
(/Users/rainbow/.local/texlive/2026/texmf-dist/tex/generic/ltxcmds/ltxcmds.sty)

(/Users/rainbow/.local/texlive/2026/texmf-dist/tex/latex/kvsetkeys/kvsetkeys.st
y))
(/Users/rainbow/.local/texlive/2026/texmf-dist/tex/generic/pdftexcmds/pdftexcmd
s.sty)
(/Users/rainbow/.local/texlive/2026/texmf-dist/tex/latex/epstopdf-pkg/epstopdf-
base.sty

Package epstopdf Warning: Shell escape feature is not enabled.


(/Users/rainbow/.local/texlive/2026/texmf-dist/tex/latex/latexconfig/epstopdf-s
ys.cfg)))
(/Users/rainbow/.local/texlive/2026/texmf-dist/tex/latex/parskip/parskip.sty
(/Users/rainbow/.local/texlive/2026/texmf-dist/tex/latex/parskip/parskip-2001-0
4-09.sty))
(/Users/rainbow/.local/texlive/2026/texmf-dist/tex/latex/xcolor/xcolor.sty
(/Users/rainbow/.local/texlive/2026/texmf-dist/tex/latex/graphics-cfg/color.cfg
)

Package xcolor Warning: Package option `usenames' is obsolete and ignored on in
put line 265.


(/Users/rainbow/.local/texlive/2026/texmf-dist/tex/latex/graphics/mathcolor.ltx
))
(/Users/rainbow/.local/texlive/2026/texmf-dist/tex/latex/graphics/dvipsnam.def)
 (/Users/rainbow/.local/texlive/2026/texmf-dist/tex/latex/caption/caption.sty
(/Users/rainbow/.local/texlive/2026/texmf-dist/tex/latex/caption/caption3.sty))

(/Users/rainbow/.local/texlive/2026/texmf-dist/tex/latex/caption/subcaption.sty
) (/Users/rainbow/.local/texlive/2026/texmf-dist/tex/latex/natbib/natbib.sty))
(/Users/rainbow/.local/texlive/2026/texmf-dist/tex/latex/url/url.sty)
(/Users/rainbow/.local/texlive/2026/texmf-dist/tex/latex/hyperref/hyperref.sty
(/Users/rainbow/.local/texlive/2026/texmf-dist/tex/generic/pdfescape/pdfescape.
sty)
(/Users/rainbow/.local/texlive/2026/texmf-dist/tex/latex/hycolor/hycolor.sty)
(/Users/rainbow/.local/texlive/2026/texmf-dist/tex/latex/hyperref/nameref.sty
(/Users/rainbow/.local/texlive/2026/texmf-dist/tex/latex/refcount/refcount.sty)

(/Users/rainbow/.local/texlive/2026/texmf-dist/tex/generic/gettitlestring/getti
tlestring.sty))
(/Users/rainbow/.local/texlive/2026/texmf-dist/tex/generic/stringenc/stringenc.
sty)
(/Users/rainbow/.local/texlive/2026/texmf-dist/tex/latex/hyperref/pd1enc.def)
(/Users/rainbow/.local/texlive/2026/texmf-dist/tex/generic/intcalc/intcalc.sty)
(/Users/rainbow/.local/texlive/2026/texmf-dist/tex/latex/hyperref/puenc.def)
(/Users/rainbow/.local/texlive/2026/texmf-dist/tex/generic/bitset/bitset.sty
(/Users/rainbow/.local/texlive/2026/texmf-dist/tex/generic/bigintcalc/bigintcal
c.sty)))
(/Users/rainbow/.local/texlive/2026/texmf-dist/tex/latex/hyperref/hpdftex.def
(/Users/rainbow/.local/texlive/2026/texmf-dist/tex/latex/rerunfilecheck/rerunfi
lecheck.sty
(/Users/rainbow/.local/texlive/2026/texmf-dist/tex/generic/uniquecounter/unique
counter.sty)))
(/Users/rainbow/.local/texlive/2026/texmf-dist/tex/latex/lineno/lineno.sty)
(/Users/rainbow/.local/texlive/2026/texmf-dist/tex/latex/microtype/microtype.st
y
(/Users/rainbow/.local/texlive/2026/texmf-dist/tex/latex/microtype/microtype-pd
ftex.def)
(/Users/rainbow/.local/texlive/2026/texmf-dist/tex/latex/microtype/microtype.cf
g))
(/Users/rainbow/.local/texlive/2026/texmf-dist/tex/latex/booktabs/booktabs.sty)
 (/Users/rainbow/.local/texlive/2026/texmf-dist/tex/latex/tools/tabularx.sty)
(/Users/rainbow/.local/texlive/2026/texmf-dist/tex/latex/setspace/setspace.sty)
(/Users/rainbow/.local/texlive/2026/texmf-dist/tex/latex/psnfss/ot1ptm.fd)
(/Users/rainbow/.local/texlive/2026/texmf-dist/tex/latex/l3backend/l3backend-pd
ftex.def) (./frontiers-manuscript.aux)
(/Users/rainbow/.local/texlive/2026/texmf-dist/tex/context/base/mkii/supp-pdf.m
kii
[Loading MPS to PDF converter (version 2006.09.02).]
)
(/Users/rainbow/.local/texlive/2026/texmf-dist/tex/latex/fmtcount/fc-english.de
f) (./frontiers-manuscript.out) (./frontiers-manuscript.out)

Package microtype Warning: Unable to apply patch `footnote' on input line 23.

(/Users/rainbow/.local/texlive/2026/texmf-dist/tex/latex/microtype/mt-ptm.cfg)
(/Users/rainbow/.local/texlive/2026/texmf-dist/tex/latex/psnfss/ot1phv.fd)
Underfull \hbox (badness 10000) detected at line 33
[]

Overfull \hbox (8.53581pt too wide) in paragraph at lines 33--33
[][] 

Underfull \hbox (badness 10000) detected at line 33
[]
(/Users/rainbow/.local/texlive/2026/texmf-dist/tex/latex/microtype/mt-cmr.cfg)
(/Users/rainbow/.local/texlive/2026/texmf-dist/tex/latex/amsfonts/umsa.fd)
(/Users/rainbow/.local/texlive/2026/texmf-dist/tex/latex/microtype/mt-msa.cfg)
(/Users/rainbow/.local/texlive/2026/texmf-dist/tex/latex/amsfonts/umsb.fd)
(/Users/rainbow/.local/texlive/2026/texmf-dist/tex/latex/microtype/mt-msb.cfg)

Package natbib Warning: Citation `conway2024opml' on page 1 undefined on input 
line 49.


Package natbib Warning: Citation `alves2026eigenai' on page 1 undefined on inpu
t line 49.


Package natbib Warning: Citation `basu2026toolreceipts' on page 1 undefined on 
input line 49.


Package natbib Warning: Citation `sokolov2026freshness' on page 1 undefined on 
input line 49.


Package natbib Warning: Citation `calboreanu2026lattice' on page 1 undefined on
 input line 49.

[1{/Users/rainbow/.local/texlive/2026/texmf-var/fonts/map/pdftex/updmap/pdftex.
map}{/Users/rainbow/.local/texlive/2026/texmf-dist/fonts/enc/dvips/base/8r.enc}
 <./logo1-eps-converted-to.pdf>]
(/Users/rainbow/.local/texlive/2026/texmf-dist/tex/latex/psnfss/ot1pcr.fd)
Overfull \vbox (2.0245pt too high) has occurred while \output is active
[2]

Package natbib Warning: Citation `richard2026agentic' on page 3 undefined on in
put line 105.


Overfull \vbox (2.0245pt too high) has occurred while \output is active
[3]
Overfull \vbox (2.0245pt too high) has occurred while \output is active
[4] (./frontiers-manuscript.bbl)
Overfull \vbox (2.0245pt too high) has occurred while \output is active
[5]
Overfull \vbox (2.0245pt too high) has occurred while \output is active
[6]

LaTeX Warning: `!h' float specifier changed to `!ht'.


LaTeX Warning: `!h' float specifier changed to `!ht'.


Overfull \vbox (2.0245pt too high) has occurred while \output is active
[7 <./figures/figure1-architecture.pdf>]
Underfull \vbox (badness 10000) has occurred while \output is active
Overfull \vbox (2.0245pt too high) has occurred while \output is active
[8 <./figures/figure2-workflow.pdf>]
Underfull \vbox (badness 10000) has occurred while \output is active
Overfull \vbox (2.0245pt too high) has occurred while \output is active
[9 <./figures/figure3-reason-distribution.pdf>]

Package natbib Warning: There were undefined citations.

(./frontiers-manuscript.aux

Package natbib Warning: Citation(s) may have changed.
(natbib)                Rerun to get citations correct.

)

LaTeX Warning: Label(s) may have changed. Rerun to get cross-references right.

 )
(see the transcript file for additional information)
pdfTeX warning (dest): name{figure.caption.11} has been referenced but does not
 exist, replaced by a fixed one

</Users/rainbow/.local/texlive/2026/texmf-dist/fonts/type1/public/amsfonts/cm/c
mmi12.pfb></Users/rainbow/.local/texlive/2026/texmf-dist/fonts/type1/public/ams
fonts/cm/cmr12.pfb></Users/rainbow/.local/texlive/2026/texmf-dist/fonts/type1/p
ublic/amsfonts/cm/cmr5.pfb></Users/rainbow/.local/texlive/2026/texmf-dist/fonts
/type1/public/amsfonts/cm/cmr7.pfb></Users/rainbow/.local/texlive/2026/texmf-di
st/fonts/type1/public/amsfonts/cm/cmr9.pfb><vendor-tex-fonts/fonts/type1/urw/co
urier/ucrr8a.pfb><vendor-tex-fonts/fonts/type1/urw/helvetic/uhvb8a.pfb><vendor-
tex-fonts/fonts/type1/urw/helvetic/uhvbo8a.pfb><vendor-tex-fonts/fonts/type1/ur
w/helvetic/uhvr8a.pfb><vendor-tex-fonts/fonts/type1/urw/helvetic/uhvro8a.pfb></
Users/rainbow/.local/texlive/2026/texmf-dist/fonts/type1/urw/times/utmb8a.pfb><
/Users/rainbow/.local/texlive/2026/texmf-dist/fonts/type1/urw/times/utmr8a.pfb>
</Users/rainbow/.local/texlive/2026/texmf-dist/fonts/type1/urw/times/utmri8a.pf
b>
Output written on frontiers-manuscript.pdf (9 pages, 214832 bytes).
Transcript written on frontiers-manuscript.log.
Latexmk: Getting log file 'frontiers-manuscript.log'
Latexmk: Examining 'frontiers-manuscript.fls'
Latexmk: Examining 'frontiers-manuscript.log'
Latexmk: Found input bbl file 'frontiers-manuscript.bbl'
Latexmk: References changed.
Latexmk: References changed.
Latexmk: Log file says output to 'frontiers-manuscript.pdf'
Latexmk: Using bibtex to make bibliography file(s).
  ===Source file 'frontiers-manuscript.bbl' for 'pdflatex'
Latexmk: Found bibliography file(s):
  ./references.bib
Latexmk: applying rule 'bibtex frontiers-manuscript'...
Rule 'bibtex frontiers-manuscript':  Reasons for rerun
Changed files or newly in use/created:
  frontiers-manuscript.aux

------------
Run number 2 of rule 'bibtex frontiers-manuscript'
------------
------------
Running 'bibtex  "frontiers-manuscript.aux"'
------------
This is BibTeX, Version 0.99e (TeX Live 2026)
The top-level auxiliary file: frontiers-manuscript.aux
The style file: Frontiers-Harvard.bst
Database file #1: references.bib
Latexmk: applying rule 'pdflatex'...
Rule 'pdflatex':  Reasons for rerun
Changed files or newly in use/created:
  frontiers-manuscript.aux

------------
Run number 3 of rule 'pdflatex'
------------
------------
Running 'pdflatex -no-shell-escape  -interaction=nonstopmode -halt-on-error -file-line-error -recorder  "frontiers-manuscript.tex"'
------------
This is pdfTeX, Version 3.141592653-2.6-1.40.29 (TeX Live 2026) (preloaded format=pdflatex)
entering extended mode
(./frontiers-manuscript.tex
LaTeX2e <2026-06-01>
L3 programming layer <2026-06-18>
(official-template/FrontiersinHarvard.cls
Document Class: FrontiersinHarvard 2016/11/10 2.6
(/Users/rainbow/.local/texlive/2026/texmf-dist/tex/latex/base/inputenc.sty)
(/Users/rainbow/.local/texlive/2026/texmf-dist/tex/latex/crop/crop.sty
(/Users/rainbow/.local/texlive/2026/texmf-dist/tex/generic/iftex/ifluatex.sty
(/Users/rainbow/.local/texlive/2026/texmf-dist/tex/generic/iftex/iftex.sty))
(/Users/rainbow/.local/texlive/2026/texmf-dist/tex/latex/graphics/color.sty
(/Users/rainbow/.local/texlive/2026/texmf-dist/tex/latex/graphics-cfg/color.cfg
)
(/Users/rainbow/.local/texlive/2026/texmf-dist/tex/latex/graphics-def/pdftex.de
f)
(/Users/rainbow/.local/texlive/2026/texmf-dist/tex/latex/graphics/mathcolor.ltx
))
(/Users/rainbow/.local/texlive/2026/texmf-dist/tex/latex/graphics/graphics.sty
(/Users/rainbow/.local/texlive/2026/texmf-dist/tex/latex/graphics/trig.sty)
(/Users/rainbow/.local/texlive/2026/texmf-dist/tex/latex/graphics-cfg/graphics.
cfg))
(/Users/rainbow/.local/texlive/2026/texmf-dist/tex/xelatex/xetexconfig/crop.cfg
))
==> First Aid for crop.sty applied!
(/Users/rainbow/.local/texlive/2026/texmf-dist/tex/latex/graphics/graphicx.sty
(/Users/rainbow/.local/texlive/2026/texmf-dist/tex/latex/graphics/keyval.sty))
(/Users/rainbow/.local/texlive/2026/texmf-dist/tex/latex/amsmath/amsmath.sty
For additional information on amsmath, use the `?' option.
(/Users/rainbow/.local/texlive/2026/texmf-dist/tex/latex/amsmath/amstext.sty
(/Users/rainbow/.local/texlive/2026/texmf-dist/tex/latex/amsmath/amsgen.sty))
(/Users/rainbow/.local/texlive/2026/texmf-dist/tex/latex/amsmath/amsbsy.sty)
(/Users/rainbow/.local/texlive/2026/texmf-dist/tex/latex/amsmath/amsopn.sty))
(/Users/rainbow/.local/texlive/2026/texmf-dist/tex/latex/tools/array.sty)
(/Users/rainbow/.local/texlive/2026/texmf-dist/tex/latex/amsfonts/amssymb.sty
(/Users/rainbow/.local/texlive/2026/texmf-dist/tex/latex/amsfonts/amsfonts.sty)
) (vendor-tex-deps/flushend.sty) (vendor-tex-deps/stfloats.sty)
(/Users/rainbow/.local/texlive/2026/texmf-dist/tex/latex/amscls/amsthm.sty)
(vendor-tex-deps/chngpage.sty)
(/Users/rainbow/.local/texlive/2026/texmf-dist/tex/latex/psnfss/times.sty)
(/Users/rainbow/.local/texlive/2026/texmf-dist/tex/latex/datetime/datetime.sty
(/Users/rainbow/.local/texlive/2026/texmf-dist/tex/latex/etoolbox/etoolbox.sty)
 (/Users/rainbow/.local/texlive/2026/texmf-dist/tex/latex/fmtcount/fmtcount.sty
(/Users/rainbow/.local/texlive/2026/texmf-dist/tex/latex/base/ifthen.sty)
(/Users/rainbow/.local/texlive/2026/texmf-dist/tex/latex/xkeyval/xkeyval.sty
(/Users/rainbow/.local/texlive/2026/texmf-dist/tex/generic/xkeyval/xkeyval.tex
(/Users/rainbow/.local/texlive/2026/texmf-dist/tex/generic/xkeyval/xkvutils.tex
)))
(/Users/rainbow/.local/texlive/2026/texmf-dist/tex/latex/fmtcount/fcprefix.sty
(/Users/rainbow/.local/texlive/2026/texmf-dist/tex/latex/fmtcount/fcnumparser.s
ty)))
(/Users/rainbow/.local/texlive/2026/texmf-dist/tex/latex/datetime/datetime-defa
ults.sty))
(/Users/rainbow/.local/texlive/2026/texmf-dist/tex/latex/epstopdf-pkg/epstopdf.
sty
(/Users/rainbow/.local/texlive/2026/texmf-dist/tex/generic/infwarerr/infwarerr.
sty) (/Users/rainbow/.local/texlive/2026/texmf-dist/tex/latex/grfext/grfext.sty

(/Users/rainbow/.local/texlive/2026/texmf-dist/tex/generic/kvdefinekeys/kvdefin
ekeys.sty))
(/Users/rainbow/.local/texlive/2026/texmf-dist/tex/latex/kvoptions/kvoptions.st
y
(/Users/rainbow/.local/texlive/2026/texmf-dist/tex/generic/ltxcmds/ltxcmds.sty)

(/Users/rainbow/.local/texlive/2026/texmf-dist/tex/latex/kvsetkeys/kvsetkeys.st
y))
(/Users/rainbow/.local/texlive/2026/texmf-dist/tex/generic/pdftexcmds/pdftexcmd
s.sty)
(/Users/rainbow/.local/texlive/2026/texmf-dist/tex/latex/epstopdf-pkg/epstopdf-
base.sty

Package epstopdf Warning: Shell escape feature is not enabled.


(/Users/rainbow/.local/texlive/2026/texmf-dist/tex/latex/latexconfig/epstopdf-s
ys.cfg)))
(/Users/rainbow/.local/texlive/2026/texmf-dist/tex/latex/parskip/parskip.sty
(/Users/rainbow/.local/texlive/2026/texmf-dist/tex/latex/parskip/parskip-2001-0
4-09.sty))
(/Users/rainbow/.local/texlive/2026/texmf-dist/tex/latex/xcolor/xcolor.sty
(/Users/rainbow/.local/texlive/2026/texmf-dist/tex/latex/graphics-cfg/color.cfg
)

Package xcolor Warning: Package option `usenames' is obsolete and ignored on in
put line 265.


(/Users/rainbow/.local/texlive/2026/texmf-dist/tex/latex/graphics/mathcolor.ltx
))
(/Users/rainbow/.local/texlive/2026/texmf-dist/tex/latex/graphics/dvipsnam.def)
 (/Users/rainbow/.local/texlive/2026/texmf-dist/tex/latex/caption/caption.sty
(/Users/rainbow/.local/texlive/2026/texmf-dist/tex/latex/caption/caption3.sty))

(/Users/rainbow/.local/texlive/2026/texmf-dist/tex/latex/caption/subcaption.sty
) (/Users/rainbow/.local/texlive/2026/texmf-dist/tex/latex/natbib/natbib.sty))
(/Users/rainbow/.local/texlive/2026/texmf-dist/tex/latex/url/url.sty)
(/Users/rainbow/.local/texlive/2026/texmf-dist/tex/latex/hyperref/hyperref.sty
(/Users/rainbow/.local/texlive/2026/texmf-dist/tex/generic/pdfescape/pdfescape.
sty)
(/Users/rainbow/.local/texlive/2026/texmf-dist/tex/latex/hycolor/hycolor.sty)
(/Users/rainbow/.local/texlive/2026/texmf-dist/tex/latex/hyperref/nameref.sty
(/Users/rainbow/.local/texlive/2026/texmf-dist/tex/latex/refcount/refcount.sty)

(/Users/rainbow/.local/texlive/2026/texmf-dist/tex/generic/gettitlestring/getti
tlestring.sty))
(/Users/rainbow/.local/texlive/2026/texmf-dist/tex/generic/stringenc/stringenc.
sty)
(/Users/rainbow/.local/texlive/2026/texmf-dist/tex/latex/hyperref/pd1enc.def)
(/Users/rainbow/.local/texlive/2026/texmf-dist/tex/generic/intcalc/intcalc.sty)
(/Users/rainbow/.local/texlive/2026/texmf-dist/tex/latex/hyperref/puenc.def)
(/Users/rainbow/.local/texlive/2026/texmf-dist/tex/generic/bitset/bitset.sty
(/Users/rainbow/.local/texlive/2026/texmf-dist/tex/generic/bigintcalc/bigintcal
c.sty)))
(/Users/rainbow/.local/texlive/2026/texmf-dist/tex/latex/hyperref/hpdftex.def
(/Users/rainbow/.local/texlive/2026/texmf-dist/tex/latex/rerunfilecheck/rerunfi
lecheck.sty
(/Users/rainbow/.local/texlive/2026/texmf-dist/tex/generic/uniquecounter/unique
counter.sty)))
(/Users/rainbow/.local/texlive/2026/texmf-dist/tex/latex/lineno/lineno.sty)
(/Users/rainbow/.local/texlive/2026/texmf-dist/tex/latex/microtype/microtype.st
y
(/Users/rainbow/.local/texlive/2026/texmf-dist/tex/latex/microtype/microtype-pd
ftex.def)
(/Users/rainbow/.local/texlive/2026/texmf-dist/tex/latex/microtype/microtype.cf
g))
(/Users/rainbow/.local/texlive/2026/texmf-dist/tex/latex/booktabs/booktabs.sty)
 (/Users/rainbow/.local/texlive/2026/texmf-dist/tex/latex/tools/tabularx.sty)
(/Users/rainbow/.local/texlive/2026/texmf-dist/tex/latex/setspace/setspace.sty)
(/Users/rainbow/.local/texlive/2026/texmf-dist/tex/latex/psnfss/ot1ptm.fd)
(/Users/rainbow/.local/texlive/2026/texmf-dist/tex/latex/l3backend/l3backend-pd
ftex.def) (./frontiers-manuscript.aux)
(/Users/rainbow/.local/texlive/2026/texmf-dist/tex/context/base/mkii/supp-pdf.m
kii
[Loading MPS to PDF converter (version 2006.09.02).]
)
(/Users/rainbow/.local/texlive/2026/texmf-dist/tex/latex/fmtcount/fc-english.de
f) (./frontiers-manuscript.out) (./frontiers-manuscript.out)

Package microtype Warning: Unable to apply patch `footnote' on input line 23.

(/Users/rainbow/.local/texlive/2026/texmf-dist/tex/latex/microtype/mt-ptm.cfg)
(/Users/rainbow/.local/texlive/2026/texmf-dist/tex/latex/psnfss/ot1phv.fd)
Underfull \hbox (badness 10000) detected at line 33
[]

Overfull \hbox (8.53581pt too wide) in paragraph at lines 33--33
[][] 

Underfull \hbox (badness 10000) detected at line 33
[]
(/Users/rainbow/.local/texlive/2026/texmf-dist/tex/latex/microtype/mt-cmr.cfg)
(/Users/rainbow/.local/texlive/2026/texmf-dist/tex/latex/amsfonts/umsa.fd)
(/Users/rainbow/.local/texlive/2026/texmf-dist/tex/latex/microtype/mt-msa.cfg)
(/Users/rainbow/.local/texlive/2026/texmf-dist/tex/latex/amsfonts/umsb.fd)
(/Users/rainbow/.local/texlive/2026/texmf-dist/tex/latex/microtype/mt-msb.cfg)
[1{/Users/rainbow/.local/texlive/2026/texmf-var/fonts/map/pdftex/updmap/pdftex.
map}{/Users/rainbow/.local/texlive/2026/texmf-dist/fonts/enc/dvips/base/8r.enc}
 <./logo1-eps-converted-to.pdf>]
(/Users/rainbow/.local/texlive/2026/texmf-dist/tex/latex/psnfss/ot1pcr.fd)
Overfull \vbox (2.0245pt too high) has occurred while \output is active
[2]
Overfull \vbox (2.0245pt too high) has occurred while \output is active
[3]
Overfull \vbox (2.0245pt too high) has occurred while \output is active
[4] (./frontiers-manuscript.bbl)
Overfull \vbox (2.0245pt too high) has occurred while \output is active
[5]
Overfull \vbox (2.0245pt too high) has occurred while \output is active
[6]

LaTeX Warning: `!h' float specifier changed to `!ht'.


LaTeX Warning: `!h' float specifier changed to `!ht'.


Overfull \vbox (2.0245pt too high) has occurred while \output is active
[7 <./figures/figure1-architecture.pdf>]
Underfull \vbox (badness 10000) has occurred while \output is active
Overfull \vbox (2.0245pt too high) has occurred while \output is active
[8 <./figures/figure2-workflow.pdf>]
Underfull \vbox (badness 10000) has occurred while \output is active
Overfull \vbox (2.0245pt too high) has occurred while \output is active
[9 <./figures/figure3-reason-distribution.pdf>] (./frontiers-manuscript.aux) )
(see the transcript file for additional information)</Users/rainbow/.local/texl
ive/2026/texmf-dist/fonts/type1/public/amsfonts/cm/cmmi12.pfb></Users/rainbow/.
local/texlive/2026/texmf-dist/fonts/type1/public/amsfonts/cm/cmr12.pfb></Users/
rainbow/.local/texlive/2026/texmf-dist/fonts/type1/public/amsfonts/cm/cmr5.pfb>
</Users/rainbow/.local/texlive/2026/texmf-dist/fonts/type1/public/amsfonts/cm/c
mr7.pfb></Users/rainbow/.local/texlive/2026/texmf-dist/fonts/type1/public/amsfo
nts/cm/cmr9.pfb><vendor-tex-fonts/fonts/type1/urw/courier/ucrr8a.pfb><vendor-te
x-fonts/fonts/type1/urw/helvetic/uhvb8a.pfb><vendor-tex-fonts/fonts/type1/urw/h
elvetic/uhvbo8a.pfb><vendor-tex-fonts/fonts/type1/urw/helvetic/uhvr8a.pfb><vend
or-tex-fonts/fonts/type1/urw/helvetic/uhvro8a.pfb></Users/rainbow/.local/texliv
e/2026/texmf-dist/fonts/type1/urw/times/utmb8a.pfb></Users/rainbow/.local/texli
ve/2026/texmf-dist/fonts/type1/urw/times/utmr8a.pfb></Users/rainbow/.local/texl
ive/2026/texmf-dist/fonts/type1/urw/times/utmri8a.pfb>
Output written on frontiers-manuscript.pdf (9 pages, 214695 bytes).
Transcript written on frontiers-manuscript.log.
Latexmk: Getting log file 'frontiers-manuscript.log'
Latexmk: Examining 'frontiers-manuscript.fls'
Latexmk: Examining 'frontiers-manuscript.log'
Latexmk: Found input bbl file 'frontiers-manuscript.bbl'
Latexmk: Log file says output to 'frontiers-manuscript.pdf'
Latexmk: Using bibtex to make bibliography file(s).
  ===Source file 'frontiers-manuscript.bbl' for 'pdflatex'
Latexmk: Found bibliography file(s):
  ./references.bib
Latexmk: All targets (frontiers-manuscript.pdf) are up-to-date

